  Obstacle.cpp
C:\Program Files\Microsoft Visual Studio\2022\Community\VC\Tools\MSVC\14.38.33130\include\filesystem(12): warning STL4038: The contents of <filesystem> are available only with C++17 or later.
C:\NGP_Project\CG-TeamProject\CG-TeamProject\Charactor.h(99,45): warning C4267: '인수': 'size_t'에서 '_Ty'(으)로 변환하면서 데이터가 손실될 수 있습니다.
C:\NGP_Project\CG-TeamProject\CG-TeamProject\Charactor.h(99,45): warning C4267:         with
C:\NGP_Project\CG-TeamProject\CG-TeamProject\Charactor.h(99,45): warning C4267:         [
C:\NGP_Project\CG-TeamProject\CG-TeamProject\Charactor.h(99,45): warning C4267:             _Ty=unsigned int
C:\NGP_Project\CG-TeamProject\CG-TeamProject\Charactor.h(99,45): warning C4267:         ]
  (소스 파일 'Obstacle.cpp'을(를) 컴파일하는 중)
  
C:\NGP_Project\CG-TeamProject\CG-TeamProject\Charactor.h(100,45): warning C4267: '인수': 'size_t'에서 '_Ty'(으)로 변환하면서 데이터가 손실될 수 있습니다.
C:\NGP_Project\CG-TeamProject\CG-TeamProject\Charactor.h(100,45): warning C4267:         with
C:\NGP_Project\CG-TeamProject\CG-TeamProject\Charactor.h(100,45): warning C4267:         [
C:\NGP_Project\CG-TeamProject\CG-TeamProject\Charactor.h(100,45): warning C4267:             _Ty=unsigned int
C:\NGP_Project\CG-TeamProject\CG-TeamProject\Charactor.h(100,45): warning C4267:         ]
  (소스 파일 'Obstacle.cpp'을(를) 컴파일하는 중)
  
C:\NGP_Project\CG-TeamProject\CG-TeamProject\Charactor.h(101,45): warning C4267: '인수': 'size_t'에서 '_Ty'(으)로 변환하면서 데이터가 손실될 수 있습니다.
C:\NGP_Project\CG-TeamProject\CG-TeamProject\Charactor.h(101,45): warning C4267:         with
C:\NGP_Project\CG-TeamProject\CG-TeamProject\Charactor.h(101,45): warning C4267:         [
C:\NGP_Project\CG-TeamProject\CG-TeamProject\Charactor.h(101,45): warning C4267:             _Ty=unsigned int
C:\NGP_Project\CG-TeamProject\CG-TeamProject\Charactor.h(101,45): warning C4267:         ]
  (소스 파일 'Obstacle.cpp'을(를) 컴파일하는 중)
  
C:\NGP_Project\CG-TeamProject\CG-TeamProject\Obstacle.cpp(17,50): warning C4267: '인수': 'size_t'에서 'GLsizei'(으)로 변환하면서 데이터가 손실될 수 있습니다.
C:\NGP_Project\CG-TeamProject\CG-TeamProject\Obstacle.cpp(40,50): warning C4267: '인수': 'size_t'에서 'GLsizei'(으)로 변환하면서 데이터가 손실될 수 있습니다.
C:\NGP_Project\CG-TeamProject\CG-TeamProject\Obstacle.cpp(48,58): warning C4267: '인수': 'size_t'에서 'GLsizei'(으)로 변환하면서 데이터가 손실될 수 있습니다.
C:\NGP_Project\CG-TeamProject\CG-TeamProject\Obstacle.cpp(58,50): warning C4267: '인수': 'size_t'에서 'GLsizei'(으)로 변환하면서 데이터가 손실될 수 있습니다.
C:\NGP_Project\CG-TeamProject\CG-TeamProject\Obstacle.cpp(77,50): warning C4267: '인수': 'size_t'에서 'GLsizei'(으)로 변환하면서 데이터가 손실될 수 있습니다.
C:\NGP_Project\CG-TeamProject\CG-TeamProject\Obstacle.cpp(116,58): warning C4267: '인수': 'size_t'에서 'GLsizei'(으)로 변환하면서 데이터가 손실될 수 있습니다.
C:\NGP_Project\CG-TeamProject\CG-TeamProject\Obstacle.cpp(125,61): warning C4267: '인수': 'size_t'에서 'GLsizei'(으)로 변환하면서 데이터가 손실될 수 있습니다.
C:\NGP_Project\CG-TeamProject\CG-TeamProject\Obstacle.cpp(135,56): warning C4267: '인수': 'size_t'에서 'GLsizei'(으)로 변환하면서 데이터가 손실될 수 있습니다.
  main.cpp
C:\Program Files\Microsoft Visual Studio\2022\Community\VC\Tools\MSVC\14.38.33130\include\filesystem(12): warning STL4038: The contents of <filesystem> are available only with C++17 or later.
C:\NGP_Project\CG-TeamProject\CG-TeamProject\Charactor.h(99,45): warning C4267: '인수': 'size_t'에서 '_Ty'(으)로 변환하면서 데이터가 손실될 수 있습니다.
C:\NGP_Project\CG-TeamProject\CG-TeamProject\Charactor.h(99,45): warning C4267:         with
C:\NGP_Project\CG-TeamProject\CG-TeamProject\Charactor.h(99,45): warning C4267:         [
C:\NGP_Project\CG-TeamProject\CG-TeamProject\Charactor.h(99,45): warning C4267:             _Ty=unsigned int
C:\NGP_Project\CG-TeamProject\CG-TeamProject\Charactor.h(99,45): warning C4267:         ]
  (소스 파일 'main.cpp'을(를) 컴파일하는 중)
  
C:\NGP_Project\CG-TeamProject\CG-TeamProject\Charactor.h(100,45): warning C4267: '인수': 'size_t'에서 '_Ty'(으)로 변환하면서 데이터가 손실될 수 있습니다.
C:\NGP_Project\CG-TeamProject\CG-TeamProject\Charactor.h(100,45): warning C4267:         with
C:\NGP_Project\CG-TeamProject\CG-TeamProject\Charactor.h(100,45): warning C4267:         [
C:\NGP_Project\CG-TeamProject\CG-TeamProject\Charactor.h(100,45): warning C4267:             _Ty=unsigned int
C:\NGP_Project\CG-TeamProject\CG-TeamProject\Charactor.h(100,45): warning C4267:         ]
  (소스 파일 'main.cpp'을(를) 컴파일하는 중)
  
C:\NGP_Project\CG-TeamProject\CG-TeamProject\Charactor.h(101,45): warning C4267: '인수': 'size_t'에서 '_Ty'(으)로 변환하면서 데이터가 손실될 수 있습니다.
C:\NGP_Project\CG-TeamProject\CG-TeamProject\Charactor.h(101,45): warning C4267:         with
C:\NGP_Project\CG-TeamProject\CG-TeamProject\Charactor.h(101,45): warning C4267:         [
C:\NGP_Project\CG-TeamProject\CG-TeamProject\Charactor.h(101,45): warning C4267:             _Ty=unsigned int
C:\NGP_Project\CG-TeamProject\CG-TeamProject\Charactor.h(101,45): warning C4267:         ]
  (소스 파일 'main.cpp'을(를) 컴파일하는 중)
  
C:\NGP_Project\CG-TeamProject\CG-TeamProject\main.cpp(822,56): warning C4267: '인수': 'size_t'에서 'GLsizei'(으)로 변환하면서 데이터가 손실될 수 있습니다.
C:\NGP_Project\CG-TeamProject\CG-TeamProject\main.cpp(830,64): warning C4267: '인수': 'size_t'에서 'GLsizei'(으)로 변환하면서 데이터가 손실될 수 있습니다.
C:\NGP_Project\CG-TeamProject\CG-TeamProject\main.cpp(838,58): warning C4267: '인수': 'size_t'에서 'GLsizei'(으)로 변환하면서 데이터가 손실될 수 있습니다.
C:\NGP_Project\CG-TeamProject\CG-TeamProject\main.cpp(846,55): warning C4267: '인수': 'size_t'에서 'GLsizei'(으)로 변환하면서 데이터가 손실될 수 있습니다.
C:\NGP_Project\CG-TeamProject\CG-TeamProject\main.cpp(945,67): warning C4267: '인수': 'size_t'에서 'GLsizei'(으)로 변환하면서 데이터가 손실될 수 있습니다.
C:\NGP_Project\CG-TeamProject\CG-TeamProject\main.cpp(954,69): warning C4267: '인수': 'size_t'에서 'GLsizei'(으)로 변환하면서 데이터가 손실될 수 있습니다.
C:\NGP_Project\CG-TeamProject\CG-TeamProject\main.cpp(1006,57): warning C4267: '인수': 'size_t'에서 'GLsizei'(으)로 변환하면서 데이터가 손실될 수 있습니다.
C:\NGP_Project\CG-TeamProject\CG-TeamProject\main.cpp(1014,58): warning C4267: '인수': 'size_t'에서 'GLsizei'(으)로 변환하면서 데이터가 손실될 수 있습니다.
C:\NGP_Project\CG-TeamProject\CG-TeamProject\main.cpp(1022,59): warning C4267: '인수': 'size_t'에서 'GLsizei'(으)로 변환하면서 데이터가 손실될 수 있습니다.
C:\NGP_Project\CG-TeamProject\CG-TeamProject\main.cpp(1033,64): warning C4267: '인수': 'size_t'에서 'GLsizei'(으)로 변환하면서 데이터가 손실될 수 있습니다.
C:\NGP_Project\CG-TeamProject\CG-TeamProject\main.cpp(1041,67): warning C4267: '인수': 'size_t'에서 'GLsizei'(으)로 변환하면서 데이터가 손실될 수 있습니다.
C:\NGP_Project\CG-TeamProject\CG-TeamProject\main.cpp(1050,61): warning C4267: '인수': 'size_t'에서 'GLsizei'(으)로 변환하면서 데이터가 손실될 수 있습니다.
C:\NGP_Project\CG-TeamProject\CG-TeamProject\main.cpp(1065,64): warning C4267: '인수': 'size_t'에서 'GLsizei'(으)로 변환하면서 데이터가 손실될 수 있습니다.
C:\NGP_Project\CG-TeamProject\CG-TeamProject\main.cpp(1073,67): warning C4267: '인수': 'size_t'에서 'GLsizei'(으)로 변환하면서 데이터가 손실될 수 있습니다.
C:\NGP_Project\CG-TeamProject\CG-TeamProject\main.cpp(1082,61): warning C4267: '인수': 'size_t'에서 'GLsizei'(으)로 변환하면서 데이터가 손실될 수 있습니다.
C:\NGP_Project\CG-TeamProject\CG-TeamProject\main.cpp(1099,64): warning C4267: '인수': 'size_t'에서 'GLsizei'(으)로 변환하면서 데이터가 손실될 수 있습니다.
C:\NGP_Project\CG-TeamProject\CG-TeamProject\main.cpp(1107,67): warning C4267: '인수': 'size_t'에서 'GLsizei'(으)로 변환하면서 데이터가 손실될 수 있습니다.
C:\NGP_Project\CG-TeamProject\CG-TeamProject\main.cpp(1116,61): warning C4267: '인수': 'size_t'에서 'GLsizei'(으)로 변환하면서 데이터가 손실될 수 있습니다.
C:\NGP_Project\CG-TeamProject\CG-TeamProject\main.cpp(1135,64): warning C4267: '인수': 'size_t'에서 'GLsizei'(으)로 변환하면서 데이터가 손실될 수 있습니다.
C:\NGP_Project\CG-TeamProject\CG-TeamProject\main.cpp(1143,67): warning C4267: '인수': 'size_t'에서 'GLsizei'(으)로 변환하면서 데이터가 손실될 수 있습니다.
C:\NGP_Project\CG-TeamProject\CG-TeamProject\main.cpp(1152,61): warning C4267: '인수': 'size_t'에서 'GLsizei'(으)로 변환하면서 데이터가 손실될 수 있습니다.
C:\NGP_Project\CG-TeamProject\CG-TeamProject\main.cpp(1169,64): warning C4267: '인수': 'size_t'에서 'GLsizei'(으)로 변환하면서 데이터가 손실될 수 있습니다.
C:\NGP_Project\CG-TeamProject\CG-TeamProject\main.cpp(1177,67): warning C4267: '인수': 'size_t'에서 'GLsizei'(으)로 변환하면서 데이터가 손실될 수 있습니다.
C:\NGP_Project\CG-TeamProject\CG-TeamProject\main.cpp(1186,61): warning C4267: '인수': 'size_t'에서 'GLsizei'(으)로 변환하면서 데이터가 손실될 수 있습니다.
C:\NGP_Project\CG-TeamProject\CG-TeamProject\main.cpp(1238,34): warning C4326: 'main'의 반환 형식이 'int'이어야 하는데 'void'입니다.
C:\NGP_Project\CG-TeamProject\CG-TeamProject\main.cpp(1317,7): error C2601: 'InitVerticalFanBar': 지역 함수 정의가 잘못되었습니다.
      C:\NGP_Project\CG-TeamProject\CG-TeamProject\main.cpp(1238,34):
      이 줄에 짝이 되지 않는 '{'가 들어 있습니다.
  
C:\NGP_Project\CG-TeamProject\CG-TeamProject\main.cpp(1320,7): error C2601: 'InitVerticalFanCenter': 지역 함수 정의가 잘못되었습니다.
      C:\NGP_Project\CG-TeamProject\CG-TeamProject\main.cpp(1238,34):
      이 줄에 짝이 되지 않는 '{'가 들어 있습니다.
  
C:\NGP_Project\CG-TeamProject\CG-TeamProject\main.cpp(1323,7): error C2601: 'InitVerticalFan': 지역 함수 정의가 잘못되었습니다.
      C:\NGP_Project\CG-TeamProject\CG-TeamProject\main.cpp(1238,34):
      이 줄에 짝이 되지 않는 '{'가 들어 있습니다.
  
